01000000160014S221000012019082101001                                                                                                                                                                                                                                                                                                                                                                                                                                                              
020000002600120190821014127000000000000001                01201908210100000000065500369489ESCUELA BANCARIA Y COMERCIAL S.C.       EBC840801QW6      4000127180001734799816VICTOR ILICH MENDOZA                                      101                                                                             0000000000000000000002NOMINA 15/07/2019-31/07/2019                                          0020190821201908211125000000000000000000000006310229NOMINA 15/07/2019-31/07/2019                                                                                                                                                                                                                                                                                                                                                                                                                                                                                                                                                                                                                          
0900000036021000010000001000000000000000001                                                                                                                                                                                                                                                                                                                                                                                                                                                       
